node:assert:123
  throw new AssertionError(obj);
  ^

AssertionError [ERR_ASSERTION]: Expected values to be loosely deep-equal:

[
  [
    [
      1,
      2
    ],
    [
      3,
      4
    ]
  ],
  [
    [
      2,
      4
    ],
    [
      1,
      3
    ]
  ]
]

should loosely deep-equal

[
  [
    [
      1,
      2
    ],
    [
      3,
      4
    ]
  ]
]
    at Object.<anonymous> (/Users/sushil/Documents/experiments/brainvita-solver/test/testSymmetry.js:21:1)
    at Module._compile (node:internal/modules/cjs/loader:1101:14)
    at Object.Module._extensions..js (node:internal/modules/cjs/loader:1153:10)
    at Module.load (node:internal/modules/cjs/loader:981:32)
    at Function.Module._load (node:internal/modules/cjs/loader:822:12)
    at Module.require (node:internal/modules/cjs/loader:1005:19)
    at require (node:internal/modules/cjs/helpers:102:18)
    at Object.<anonymous> (/Users/sushil/Documents/experiments/brainvita-solver/test/index.js:2:1)
    at Module._compile (node:internal/modules/cjs/loader:1101:14)
    at Object.Module._extensions..js (node:internal/modules/cjs/loader:1153:10) {
  generatedMessage: true,
  code: 'ERR_ASSERTION',
  actual: [ [ [ 1, 2 ], [ 3, 4 ] ], [ [ 2, 4 ], [ 1, 3 ] ] ],
  expected: [ [ [ 1, 2 ], [ 3, 4 ] ] ],
  operator: 'deepEqual'
}
